// Jest Snapshot v1, https://goo.gl/fbAQLP

exports[`Home Page should renders correctly if loading status is idle and have data 1`] = `
<div>
  <form
    class="SearchForm"
    role="form"
  >
    <h1
      class="SearchForm_header"
    >
      Search a book
    </h1>
    <div
      class="SearchForm_input_container"
    >
      <label
        class="SearchForm_input_label
     
      "
        for="searchForm_searchbar"
      >
        Search
      </label>
      <input
        class="CustomInput focused_searchbar "
        id="searchForm_searchbar"
        placeholder=""
        required=""
        role="search"
        type="search"
        value=""
      />
    </div>
    <div
      class="SearchForm_select_container"
    >
      <label
        class="SearchForm_label"
        for="searchForm_select"
      >
        Sort by
      </label>
      <select
        class="CustomSelect "
        id="searchForm_select"
        role="listbox"
      >
        <option
          selected=""
          value="Relevance"
        >
          Relevance
        </option>
        <option
          value="Newest"
        >
          Newest
        </option>
      </select>
    </div>
    <div
      class="SearchForm_button_container"
    >
      <button
        class="CustomButton "
        id="searchForm_submit_button"
        role="button"
      >
        Search
      </button>
    </div>
  </form>
  <div
    class="BooksTable_table"
  >
    <div
      class="BookCard"
    >
      <a
        class="BookCard_link_wrapper"
        href="/z7D2DwAAQBAJ"
        role="link"
      >
        <div
          class="BookCard_container"
        >
          <img
            alt="The Modern JavaScript Basics Tutorial by Be Sure Academy volume cover"
            class="BookCard_book_cover_image"
            src="http://books.google.com/books/content?id=z7D2DwAAQBAJ&printsec=frontcover&img=1&zoom=5&edge=curl&source=gbs_api"
          />
          <div
            class="BookCard_text_info_container"
          >
            <p
              class="BookCard_title"
            >
              The Modern JavaScript Basics Tutorial
            </p>
            <div>
              <p
                class="BookCard_authors"
              >
                Be Sure Academy
              </p>
              <p
                class="BookCard_categories"
              >
                Computers
              </p>
            </div>
          </div>
        </div>
      </a>
    </div>
  </div>
  <div
    class="HomePage_loadMoreButton_container"
  >
    <button
      class="CustomButton "
      role="button"
    >
      Load more
    </button>
  </div>
</div>
`;
